main.c:115:5:main	248	static
main.c:520:6:SystemClock_Config	88	static
main.c:565:13:MX_ADC1_Init	24	static
main.c:615:13:MX_SPI3_Init	8	static
main.c:653:13:MX_TIM3_Init	32	static
main.c:698:13:MX_TIM11_Init	8	static
main.c:729:13:MX_USART2_UART_Init	8	static
main.c:760:13:MX_DMA_Init	16	static
main.c:778:13:MX_GPIO_Init	48	static
main.c:834:6:UARTRecieveAndResponsePolling	40	static
main.c:846:9:UARTRecieveIT	16	static
main.c:858:6:HAL_UART_RxCpltCallback	16	static
main.c:863:6:MCP4922SetOutput	24	static
main.c:870:6:HAL_SPI_TxCpltCallback	16	static
main.c:878:6:HAL_TIM_PeriodElapsedCallback	24	static
main.c:886:17:micros	12	static
main.c:896:6:Error_Handler	4	static,ignoring_inline_asm
